> Task :app:preBuild UP-TO-DATE
> Task :app:preDebugBuild UP-TO-DATE
> Task :app:generateDebugResources UP-TO-DATE
> Task :app:packageDebugResources UP-TO-DATE
> Task :app:processDebugNavigationResources UP-TO-DATE
> Task :app:parseDebugLocalResources UP-TO-DATE
> Task :app:generateDebugRFile UP-TO-DATE
> Task :app:compileDebugKotlin FAILED
.\gradlew : 
At line:1 char:1
+ .\gradlew compileDebugKotlin 
> build_output.txt 2>&1
+ ~~~~~~~~~~~~~~~~~~~~~~~~~~~~~~
~~~~~~~~~~~~~~~~~~~~~~
    + CategoryInfo              
: NotSpecified: (:Stri    ng) 
[], RemoteException
    + FullyQualifiedErrorId     
: NativeCommandError
 
FAILURE: Build failed with an 
exception.

* What went wrong:
Execution failed for task 
':app:compileDebugKotlin'.
> Cannot access output property 
'classpathSnapshotProperties.cla
sspathSnapshotDir' of task 
':app:compileDebugKotlin'. 
Accessing unreadable inputs or 
outputs is not supported. 
Declare the task as untracked 
by using 
Task.doNotTrackState(). For 
more information, please refer 
to https://docs.gradle.org/9.2.1
/userguide/incremental_build.htm
l#sec:disable-state-tracking in 
the Gradle documentation.
   > java.io.IOException: 
Cannot snapshot C:\Users\aayan\O
neDrive\Desktop\TradeLearn\app\b
uild\kotlin\compileDebugKotlin\c
lasspath-snapshot\shrunk-classpa
th-snapshot.bin: not a regular 
file

* Try:
> Run with --stacktrace option 
to get the stack trace.
> Run with --info or --debug 
option to get more log output.
> Run with --scan to generate a 
Build Scan (powered by 
Develocity).
> Get more help at 
https://help.gradle.org.

BUILD FAILED in 14s
6 actionable tasks: 1 executed, 5 up-to-date
